// Jest Snapshot v1, https://goo.gl/fbAQLP

exports[`component.UI.Input should render correctly 1`] = `
.c0 {
  box-sizing: border-box;
  margin: 0;
  min-width: 0;
  display: block;
  width: 100%;
  padding: 8px;
  -webkit-appearance: none;
  -moz-appearance: none;
  appearance: none;
  font-size: inherit;
  line-height: inherit;
  border: 1px solid;
  border-radius: default;
  color: inherit;
  background-color: transparent;
  border-width: 1px;
  border-style: solid;
  border-color: #959595;
  border-radius: 5px;
  background-color: transparent;
  color: #ffffff;
  font-family: Roboto,system-ui,sans-serif;
  font-size: 13px;
  font-weight: 300;
  width: 100%;
  outline: none;
  cursor: text;
  position: relative;
  line-height: 1;
  padding-left: 16px;
  padding-right: 16px;
  height: 48px;
  border-color: #959595;
}

.c0::-webkit-search-decoration:hover,
.c0::-webkit-search-cancel-button:hover {
  cursor: pointer;
}

.c0:not([readOnly]):not([disabled]):focus {
  border-color: #fd9800;
}

<form
  onKeyDown={[Function]}
  onReset={[Function]}
  onSubmit={[Function]}
>
  <div
    className="css-9tqvmu"
  >
    <div
      className="css-71r5s5"
    >
      <input
        className="c0"
        disabled={false}
        name="name"
        onBlur={[Function]}
        onChange={[Function]}
        onFocus={[Function]}
        required={false}
        value=""
      />
    </div>
  </div>
</form>
`;
