// Jest Snapshot v1, https://goo.gl/fbAQLP

exports[`component.UI.PasswordInput should render correctly 1`] = `
<WithInputValidation(Component)
  field="password"
  isDisabled={false}
  isRequired={false}
  suffix={
    <ForwardRef(PasswordInput__StyledEyeIcon)
      onClick={[Function]}
    />
  }
  type="password"
/>
`;
