// Jest Snapshot v1, https://goo.gl/fbAQLP

exports[`component.UI.Toggle should render correctly 1`] = `
.c4 {
  box-sizing: border-box;
  margin: 0;
  min-width: 0;
  display: block;
  width: 100%;
  padding: 8px;
  -webkit-appearance: none;
  -moz-appearance: none;
  appearance: none;
  font-size: inherit;
  line-height: inherit;
  border: 1px solid;
  border-radius: default;
  color: inherit;
  background-color: transparent;
  border-width: 1px;
  border-style: solid;
  border-color: #959595;
  border-radius: 5px;
  background-color: transparent;
  color: #ffffff;
  font-family: Roboto,system-ui,sans-serif;
  font-size: 13px;
  font-weight: 300;
  width: 100%;
  outline: none;
  cursor: text;
  position: relative;
  line-height: 1;
  padding-left: 16px;
  padding-right: 16px;
  height: 48px;
  border-color: #959595;
}

.c4::-webkit-search-decoration:hover,
.c4::-webkit-search-cancel-button:hover {
  cursor: pointer;
}

.c4:not([readOnly]):not([disabled]):focus {
  border-color: #fd9800;
}

.c5 {
  box-sizing: border-box;
  margin: 0;
  min-width: 0;
}

.c0 {
  box-sizing: border-box;
  margin: 0;
  min-width: 0;
  -webkit-align-items: center;
  -webkit-box-align: center;
  -ms-flex-align: center;
  align-items: center;
  display: -webkit-box;
  display: -webkit-flex;
  display: -ms-flexbox;
  display: flex;
}

.c2 {
  box-sizing: border-box;
  margin: 0;
  min-width: 0;
  -webkit-flex-direction: column;
  -ms-flex-direction: column;
  flex-direction: column;
  -webkit-box-pack: start;
  -webkit-justify-content: flex-start;
  -ms-flex-pack: start;
  justify-content: flex-start;
  display: -webkit-box;
  display: -webkit-flex;
  display: -ms-flexbox;
  display: flex;
}

.c3 {
  box-sizing: border-box;
  margin: 0;
  min-width: 0;
  position: relative;
  -webkit-align-items: center;
  -webkit-box-align: center;
  -ms-flex-align: center;
  align-items: center;
  opacity: inherit;
  display: -webkit-box;
  display: -webkit-flex;
  display: -ms-flexbox;
  display: flex;
}

.c6 {
  margin-left: -24px;
  width: 8px;
  pointer-events: none;
  color: #959595;
}

.c1 input {
  cursor: pointer;
  color: transparent;
  text-shadow: 0 0 0 #ffffff;
}

<form
  onKeyDown={[Function]}
  onReset={[Function]}
  onSubmit={[Function]}
>
  <div
    aria-expanded={false}
    aria-haspopup="listbox"
    aria-labelledby="downshift-0-label"
    aria-owns={null}
    role="combobox"
    style={
      Object {
        "position": "relative",
      }
    }
  >
    <div
      className="c0"
    >
      <div
        className="c1 c2"
      >
        <div
          className="c3"
          opacity="inherit"
        >
          <input
            aria-activedescendant={null}
            aria-autocomplete="list"
            aria-controls={null}
            aria-labelledby="downshift-0-label"
            autoComplete="off"
            className="c4"
            id="downshift-0-input"
            name="name"
            onBlur={[Function]}
            onChange={[Function]}
            onFocus={[Function]}
            onKeyDown={[Function]}
            onMouseDown={[Function]}
            placeholder="Please select"
            value=""
          />
        </div>
      </div>
      <div
        className="c5"
      >
        <svg
          className="c6"
          height="1em"
          viewBox="6.295 8.295 12 7.41"
          width={8}
        >
          <path
            d="M18.295 9.705l-1.41-1.41-4.59 4.58-4.59-4.58-1.41 1.41 6 6z"
            fill="currentColor"
          />
        </svg>
      </div>
    </div>
  </div>
</form>
`;
