// Jest Snapshot v1, https://goo.gl/fbAQLP

exports[`reducers peersReducer should handle initial state 1`] = `
Object {
  "connecting": false,
  "disconnecting": false,
  "peer": null,
  "peerForm": Object {
    "host": "",
    "isOpen": false,
    "pubkey": "",
  },
  "peers": Array [],
  "peersLoading": false,
}
`;
