// Jest Snapshot v1, https://goo.gl/fbAQLP

exports[`component.UI.ActionBar should render correctly 1`] = `
.c1 {
  box-sizing: border-box;
  margin: 0;
  min-width: 0;
  -webkit-appearance: none;
  -moz-appearance: none;
  appearance: none;
  display: inline-block;
  text-align: center;
  line-height: inherit;
  -webkit-text-decoration: none;
  text-decoration: none;
  font-size: inherit;
  padding-left: 16px;
  padding-right: 16px;
  padding-top: 8px;
  padding-bottom: 8px;
  color: white;
  background-color: primary;
  border: 0;
  border-radius: 4px;
  font-family: Roboto,system-ui,sans-serif;
  background-color: inherit;
  color: #ffffff;
  opacity: 0.6;
  border-radius: 0;
  padding-left: 0;
  padding-right: 0;
  padding-top: 16px;
  padding-bottom: 16px;
  margin-right: 72px;
}

.c1:hover:enabled {
  opacity: 1;
}

.c1.active {
  opacity: 1;
}

.c1.focus-visible {
  opacity: 1;
}

.c3 {
  box-sizing: border-box;
  margin: 0;
  min-width: 0;
  font-size: 13px;
  font-weight: 400;
}

.c4 {
  box-sizing: border-box;
  margin: 0;
  min-width: 0;
  -webkit-appearance: none;
  -moz-appearance: none;
  appearance: none;
  display: inline-block;
  text-align: center;
  line-height: inherit;
  -webkit-text-decoration: none;
  text-decoration: none;
  font-size: inherit;
  padding-left: 16px;
  padding-right: 16px;
  padding-top: 8px;
  padding-bottom: 8px;
  color: white;
  background-color: primary;
  border: 0;
  border-radius: 4px;
  font-family: Roboto,system-ui,sans-serif;
  background-color: #313340;
  color: #fd9800;
  border-radius: 5px;
  padding-left: 45px;
  padding-right: 45px;
  padding-top: 16px;
  padding-bottom: 16px;
  margin-right: 0;
}

.c4:hover:enabled {
  background-color: #353745;
}

.c4.focus-visible {
  background-color: #353745;
}

.c0 {
  box-sizing: border-box;
  margin: 0;
  min-width: 0;
  background-color: #373947;
  -webkit-flex-direction: row;
  -ms-flex-direction: row;
  flex-direction: row;
  -webkit-box-pack: end;
  -webkit-justify-content: flex-end;
  -ms-flex-pack: end;
  justify-content: flex-end;
  padding-bottom: 8px;
  padding-right: 45px;
  padding-top: 8px;
  display: -webkit-box;
  display: -webkit-flex;
  display: -ms-flexbox;
  display: flex;
}

.c2 {
  -webkit-transition: all 0.25s;
  transition: all 0.25s;
  outline: none;
  font-weight: 300;
  line-height: '18px';
  white-space: nowrap;
  text-align: center;
}

.c2:disabled {
  opacity: 0.5;
}

.c2:hover:enabled {
  cursor: pointer;
}

<div
  className="c0"
>
  <button
    className="c1 c2"
    onClick={[Function]}
  >
    <div
      className="c3"
      fontSize="m"
      fontWeight="normal"
    >
      Save
    </div>
  </button>
  <button
    className="c4 c2"
    onClick={[Function]}
  >
    <div
      className="c3"
      fontSize="m"
      fontWeight="normal"
    >
      Cancel
    </div>
  </button>
</div>
`;
