// Jest Snapshot v1, https://goo.gl/fbAQLP

exports[`component.UI.Button should render correctly 1`] = `
.c0 {
  box-sizing: border-box;
  margin: 0;
  min-width: 0;
  -webkit-appearance: none;
  -moz-appearance: none;
  appearance: none;
  display: inline-block;
  text-align: center;
  line-height: inherit;
  -webkit-text-decoration: none;
  text-decoration: none;
  font-size: inherit;
  padding-left: 16px;
  padding-right: 16px;
  padding-top: 8px;
  padding-bottom: 8px;
  color: white;
  background-color: primary;
  border: 0;
  border-radius: 4px;
  font-family: Roboto,system-ui,sans-serif;
  background-color: #313340;
  color: #fd9800;
  border-radius: 5px;
  padding-left: 45px;
  padding-right: 45px;
  padding-top: 16px;
  padding-bottom: 16px;
}

.c0:hover:enabled {
  background-color: #353745;
}

.c0:focus {
  background-color: #353745;
}

.c2 {
  box-sizing: border-box;
  margin: 0;
  min-width: 0;
  font-size: 13px;
  font-weight: 400;
}

.c1 {
  -webkit-transition: all 0.25s;
  transition: all 0.25s;
  outline: none;
  font-weight: 300;
  line-height: '18px';
  white-space: nowrap;
  text-align: center;
}

.c1:disabled {
  opacity: 0.5;
}

.c1:hover:enabled {
  cursor: pointer;
}

<button
  className="c0 c1"
>
  <div
    className="c2"
    fontSize="m"
    fontWeight="normal"
  >
    Click Me
  </div>
</button>
`;
