// Jest Snapshot v1, https://goo.gl/fbAQLP

exports[`component.UI.Countdown should render correctly with default props 1`] = `
.c0 {
  box-sizing: border-box;
  margin: 0;
  min-width: 0;
  color: #e63939;
  font-size: 13px;
  line-height: 1.4;
}

<div
  className="c0"
  color="superRed"
  fontSize="m"
>
  Expired
   
  in 0 seconds
</div>
`;
