// Jest Snapshot v1, https://goo.gl/fbAQLP

exports[`component.UI.Countdown should render correctly with default props 1`] = `
<Text
  color="superRed"
  date={Date { NaN }}
>
  <injectIntl(FormattedMessage)
    defaultMessage="Expired"
    id="components.UI.expired"
  />
   
  <injectIntl(FormattedRelativeTime)
    style="short"
    updateIntervalInSeconds={1}
  />
</Text>
`;
