// Jest Snapshot v1, https://goo.gl/fbAQLP

exports[`component.UI.Heading should render correctly 1`] = `
.c0 {
  margin: 0px;
  font-size: 32px;
  color: primaryText;
  font-weight: light;
  line-height: 1.2;
}

<h2
  className="c0"
  color="primaryText"
  fontSize={5}
  fontWeight="light"
>
  Heading here
</h2>
`;
