// Jest Snapshot v1, https://goo.gl/fbAQLP

exports[`component.UI.Input should render correctly 1`] = `
.c0 {
  display: -webkit-box;
  display: -webkit-flex;
  display: -ms-flexbox;
  display: flex;
  -webkit-flex-direction: column;
  -ms-flex-direction: column;
  flex-direction: column;
}

.c1 {
  padding: 16px;
  color: #ffffff;
  background-color: transparent;
  border: 1px solid;
  border-color: #959595;
  border-radius: 5px;
  font-family: Roboto,system-ui,sans-serif;
  font-size: 13px;
  font-weight: 300;
  width: 100%;
  outline: none;
}

<form
  onReset={[Function]}
  onSubmit={[Function]}
>
  <div
    className="c0"
  >
    <input
      autoFocus={false}
      className="c1"
      color="primaryText"
      fontFamily="sans"
      fontSize="m"
      fontWeight="light"
      onBlur={[Function]}
      onChange={[Function]}
      onFocus={[Function]}
      value=""
      width={1}
    />
  </div>
</form>
`;
