// Jest Snapshot v1, https://goo.gl/fbAQLP

exports[`component.UI.Link should render correctly 1`] = `
.c0 {
  font-size: m;
  color: primaryText;
  cursor: pointer;
  -webkit-text-decoration: underline;
  text-decoration: underline;
  line-height: 1.4;
}

<a
  className="c0"
  color="primaryText"
  fontSize="m"
>
  Link text
</a>
`;
