// Jest Snapshot v1, https://goo.gl/fbAQLP

exports[`component.UI.MainContent should render correctly 1`] = `
.c0 {
  box-sizing: border-box;
  margin: 0;
  min-width: 0;
  -webkit-flex: 1;
  -ms-flex: 1;
  flex: 1;
  overflow-y: overlay;
  overflow-x: hidden;
  height: 100%;
}

<article
  className="c0"
  height="100%"
/>
`;
