// Jest Snapshot v1, https://goo.gl/fbAQLP

exports[`component.UI.Message should render correctly with default props 1`] = `
<Styled(Styled(styled.div))
  fontSize="s"
  fontWeight="normal"
>
  <Styled(styled.div)
    alignItems="center"
  >
    <styled.div
      css={
        Object {
          "height": "14px",
        }
      }
      mr={1}
      width="14px"
    />
    <styled.div>
      A message
    </styled.div>
  </Styled(styled.div)>
</Styled(Styled(styled.div))>
`;
