// Jest Snapshot v1, https://goo.gl/fbAQLP

exports[`component.UI.Toggle should render correctly 1`] = `
.c0 {
  display: -webkit-box;
  display: -webkit-flex;
  display: -ms-flexbox;
  display: flex;
  -webkit-align-items: center;
  -webkit-box-align: center;
  -ms-flex-align: center;
  align-items: center;
}

.c2 {
  display: -webkit-box;
  display: -webkit-flex;
  display: -ms-flexbox;
  display: flex;
  -webkit-flex-direction: column;
  -ms-flex-direction: column;
  flex-direction: column;
}

.c3 {
  padding: 16px;
  color: #ffffff;
  background-color: transparent;
  border: 1px solid;
  border-color: #959595;
  border-radius: 5px;
  font-family: Roboto,system-ui,sans-serif;
  font-size: 13px;
  font-weight: 300;
  width: 100%;
  opacity: inherit;
  outline: none;
  border-color: #959595;
}

.c3:not([readOnly]):not([disabled]):focus {
  border-color: #fd9800;
}

.c3::-webkit-search-decoration:hover,
.c3::-webkit-search-cancel-button:hover {
  cursor: pointer;
}

.c4 {
  margin-left: -26px;
  width: 10px;
  pointer-events: none;
  color: #959595;
}

.c1 input {
  cursor: pointer;
  color: transparent;
  text-shadow: 0 0 0 #ffffff;
}

<form
  onReset={[Function]}
  onSubmit={[Function]}
>
  <div
    aria-expanded={false}
    aria-haspopup="listbox"
    aria-labelledby="downshift-0-label"
    aria-owns={null}
    role="combobox"
    style={
      Object {
        "position": "relative",
      }
    }
  >
    <div
      className="c0"
    >
      <div
        className="c1 c2"
      >
        <div
          className="c0"
        >
          <input
            aria-activedescendant={null}
            aria-autocomplete="list"
            aria-controls={null}
            aria-labelledby="downshift-0-label"
            autoComplete="off"
            autoFocus={false}
            className="c3"
            color="primaryText"
            disabled={false}
            fontFamily="sans"
            fontSize="m"
            fontWeight="light"
            id="downshift-0-input"
            onBlur={[Function]}
            onChange={[Function]}
            onFocus={[Function]}
            onKeyDown={[Function]}
            onMouseDown={[Function]}
            placeholder="Please select"
            required={false}
            value=""
            width={1}
          />
        </div>
      </div>
      <div
        className=""
      >
        <svg
          className="c4"
          height="1em"
          viewBox="0 0 8 4"
          width={10}
        >
          <path
            d="M1 0l3 4 3-4"
            fill="none"
            stroke="currentColor"
            strokeLinecap="round"
            strokeLinejoin="round"
          />
        </svg>
      </div>
    </div>
  </div>
</form>
`;
