// Jest Snapshot v1, https://goo.gl/fbAQLP

exports[`component.UI.Sidebar should render correctly 1`] = `
.c0 {
  padding: 16px;
  width: 33.33333333333333%;
  color: primaryText;
  background-color: lightBackground;
}

<aside
  className="c0"
  color="primaryText"
  width={0.3333333333333333}
/>
`;
