// Jest Snapshot v1, https://goo.gl/fbAQLP

exports[`reducers settingsmenuReducer should handle CLOSE_SETTINGS 1`] = `
Snapshot Diff:
Compared values have no visual difference.
`;

exports[`reducers settingsmenuReducer should handle OPEN_SETTINGS 1`] = `
Snapshot Diff:
- First value
+ Second value

  Object {
-   "isSettingsMenuOpen": false,
+   "isSettingsMenuOpen": true,
  }
`;

exports[`reducers settingsmenuReducer should handle initial state 1`] = `
Object {
  "isSettingsMenuOpen": false,
}
`;
