// Jest Snapshot v1, https://goo.gl/fbAQLP

exports[`component.Pay.PayPanelFooter current step is "address" should render correctly 1`] = `
<ContextConsumer>
  <Component />
</ContextConsumer>
`;

exports[`component.Pay.PayPanelFooter current step is "summary" should render correctly 1`] = `
<ContextConsumer>
  <Component />
</ContextConsumer>
`;
