// Jest Snapshot v1, https://goo.gl/fbAQLP

exports[`component.Form.DataRow should render correctly 1`] = `
<Styled(styled.div)
  alignItems="center"
  py={3}
>
  <Text
    fontWeight="normal"
    width={0.5}
  >
    left contnet
  </Text>
  <Text
    textAlign="right"
    width={0.5}
  >
    right content
  </Text>
</Styled(styled.div)>
`;
